[debug] > Exec(early(addDefaultCommands), None, None)
[debug] > Exec(addDefaultCommands, None, None)
[debug] > Exec(early(initialize), None, None)
[debug] > Exec(initialize, None, None)
[debug] > Exec(early(addPluginSbtFile="""C:\Users\Markv\AppData\Local\Temp\idea.sbt"""), None, None)
[debug] > Exec(addPluginSbtFile="""C:\Users\Markv\AppData\Local\Temp\idea.sbt""", None, None)
[debug] > Exec(boot, None, None)
[debug] > Exec(writeSbtVersion, None, None)
[debug] > Exec(reload, None, None)
[debug] > Exec(sbtStashOnFailure, None, None)
[debug] > Exec(onFailure loadFailed, None, None)
[debug] > Exec(loadp, None, None)
[info] welcome to sbt 1.12.4 (Microsoft Java 11.0.16.1)
[debug]       Load.loadUnit: plugins took 199.1646ms
[debug]       Load.loadUnit: defsScala took 0.7125ms
[debug] [Loading] Scanning directory C:\Users\Markv\.sbt\1.0\plugins
[debug] [Loading] Found non-root projects 
[debug] [Loading] Done in C:\Users\Markv\.sbt\1.0\plugins, returning: ()
[debug] deducing auto plugins based on known facts Set(Atom(sbt.plugins.CorePlugin)) and clauses Clauses(Clause(Atom(sbt.plugins.JvmPlugin),Set(Atom(sbt.plugins.IvyPlugin)))
[debug] Clause(Atom(sbt.ScriptedPlugin),Set(Atom(sbt.plugins.JvmPlugin)))
[debug] Clause(Atom(sbt.plugins.SbtPlugin),Set(Atom(sbt.ScriptedPlugin)))
[debug] Clause(Atom(sbt.plugins.SemanticdbPlugin),Set(Atom(sbt.plugins.JvmPlugin)))
[debug] Clause(Atom(sbt.plugins.JUnitXmlReportPlugin),Set(Atom(sbt.plugins.JvmPlugin)))
[debug] Clause(Atom(sbt.plugins.MiniDependencyTreePlugin),Set(Atom(sbt.plugins.JvmPlugin)))
[debug] Clause(Atom(sbt.plugins.CorePlugin),Set(Atom(sbt.plugins.IvyPlugin)))
[debug] Clause(Atom(sbt.plugins.IvyPlugin),Set(Atom(sbt.plugins.JvmPlugin)))
[debug] Clause(Atom(sbt.plugins.JvmPlugin),Set(Atom(sbt.plugins.SemanticdbPlugin)))
[debug] Clause(Atom(sbt.plugins.JvmPlugin),Set(Atom(sbt.plugins.JUnitXmlReportPlugin)))
[debug] Clause(Atom(sbt.plugins.CorePlugin),Set(Atom(sbt.plugins.Giter8TemplatePlugin)))
[debug] Clause(Atom(sbt.plugins.JvmPlugin),Set(Atom(sbt.plugins.MiniDependencyTreePlugin))))
[debug]   :: deduced result: Matched(sbt.plugins.CorePlugin,sbt.plugins.Giter8TemplatePlugin,sbt.plugins.IvyPlugin,sbt.plugins.JvmPlugin,sbt.plugins.MiniDependencyTreePlugin,sbt.plugins.JUnitXmlReportPlugin,sbt.plugins.SemanticdbPlugin)
[debug] Plugins.deducer#function took 41.5548 ms
[debug]           Load.resolveProject(global-plugins) took 425.037ms
[debug]         Load.loadTransitive: finalizeProject(Project(id global-plugins, base: C:\Users\Markv\.sbt\1.0\plugins, plugins: List(<none>))) took 522.8457ms
[debug] [Loading] Done in C:\Users\Markv\.sbt\1.0\plugins, returning: (global-plugins)
[debug]       Load.loadUnit: loadedProjectsRaw took 567.8297ms
[debug]       Load.loadUnit: cleanEvalClasses took 0.4156ms
[debug]     Load.loadUnit(file:/C:/Users/Markv/.sbt/1.0/plugins/, ...) took 785.8023ms
[debug]   Load.apply: load took 1364.1575ms
[debug]   Load.apply: resolveProjects took 15.9807ms
[debug]   Load.apply: finalTransforms took 117.6413ms
[debug]   Load.apply: config.delegates took 19.317ms
[debug]   Load.apply: Def.make(settings)... took 1767.7819ms
[debug]   Load.apply: structureIndex took 275.1038ms
[debug]   Load.apply: mkStreams took 3.8107ms
[info] loading global plugins from C:\Users\Markv\.sbt\1.0\plugins
[debug] Running task... Cancel: Signal, check cycles: false, forcegc: true
[debug] Load.defaultLoad until apply took 11929.2887ms
[debug]           Load.loadUnit: plugins took 88.6162ms
[debug]           Load.loadUnit: defsScala took 0.0126ms
[debug] [Loading] Scanning directory C:\Users\Markv\OneDrive\Documents\VGA Pong\project
[debug]             Load.loadUnit: mkEval took 24.3485ms
[debug] [Loading] Found non-root projects 
[debug] [Loading] Done in C:\Users\Markv\OneDrive\Documents\VGA Pong\project, returning: ()
[debug] deducing auto plugins based on known facts Set(Atom(sbt.plugins.CorePlugin)) and clauses Clauses(Clause(Atom(sbt.plugins.JvmPlugin),Set(Atom(sbt.plugins.IvyPlugin)))
[debug] Clause(Atom(sbt.ScriptedPlugin),Set(Atom(sbt.plugins.JvmPlugin)))
[debug] Clause(Atom(sbt.plugins.SbtPlugin),Set(Atom(sbt.ScriptedPlugin)))
[debug] Clause(Atom(sbt.plugins.SemanticdbPlugin),Set(Atom(sbt.plugins.JvmPlugin)))
[debug] Clause(Atom(sbt.plugins.JUnitXmlReportPlugin),Set(Atom(sbt.plugins.JvmPlugin)))
[debug] Clause(Atom(sbt.plugins.MiniDependencyTreePlugin),Set(Atom(sbt.plugins.JvmPlugin)))
[debug] Clause(Atom(sbt.plugins.CorePlugin),Set(Atom(sbt.plugins.IvyPlugin)))
[debug] Clause(Atom(sbt.plugins.IvyPlugin),Set(Atom(sbt.plugins.JvmPlugin)))
[debug] Clause(Atom(sbt.plugins.JvmPlugin),Set(Atom(sbt.plugins.SemanticdbPlugin)))
[debug] Clause(Atom(sbt.plugins.JvmPlugin),Set(Atom(sbt.plugins.JUnitXmlReportPlugin)))
[debug] Clause(Atom(sbt.plugins.CorePlugin),Set(Atom(sbt.plugins.Giter8TemplatePlugin)))
[debug] Clause(Atom(sbt.plugins.JvmPlugin),Set(Atom(sbt.plugins.MiniDependencyTreePlugin))))
[debug]   :: deduced result: Matched(sbt.plugins.CorePlugin,sbt.plugins.Giter8TemplatePlugin,sbt.plugins.IvyPlugin,sbt.plugins.JvmPlugin,sbt.plugins.MiniDependencyTreePlugin,sbt.plugins.JUnitXmlReportPlugin,sbt.plugins.SemanticdbPlugin)
[debug] Plugins.deducer#function took 3.7252 ms
[info] loading settings for project vga-pong-build from plugins.sbt, idea.sbt...
[debug]               Load.resolveProject(vga-pong-build) took 7.1298ms
[debug]             Load.loadTransitive: finalizeProject(Project(id vga-pong-build, base: C:\Users\Markv\OneDrive\Documents\VGA Pong\project, plugins: List(<none>))) took 11.9728ms
[debug] [Loading] Done in C:\Users\Markv\OneDrive\Documents\VGA Pong\project, returning: (vga-pong-build)
[debug]           Load.loadUnit: loadedProjectsRaw took 7513.5267ms
[debug]           Load.loadUnit: cleanEvalClasses took 10.7479ms
[debug]         Load.loadUnit(file:/C:/Users/Markv/OneDrive/Documents/VGA%20Pong/project/, ...) took 7615.5145ms
[debug]       Load.apply: load took 7619.3196ms
[debug]       Load.apply: resolveProjects took 0.2483ms
[debug]       Load.apply: finalTransforms took 21.8957ms
[debug]       Load.apply: config.delegates took 1.064ms
[debug]       Load.apply: Def.make(settings)... took 145.6839ms
[debug]       Load.apply: structureIndex took 46.8563ms
[debug]       Load.apply: mkStreams took 0.0046ms
[info] loading project definition from C:\Users\Markv\OneDrive\Documents\VGA Pong\project
[debug] Running task... Cancel: Signal, check cycles: false, forcegc: true
[debug]     Load.loadUnit: plugins took 10026.1866ms
[debug]     Load.loadUnit: defsScala took 0.0038ms
[debug] [Loading] Scanning directory C:\Users\Markv\OneDrive\Documents\VGA Pong
[debug]       Load.loadUnit: mkEval took 0.7298ms
[debug] [Loading] Found root project root w/ remaining 
[debug] deducing auto plugins based on known facts Set(Atom(sbt.plugins.CorePlugin)) and clauses Clauses(Clause(Atom(sbt.plugins.JvmPlugin),Set(Atom(sbt.plugins.IvyPlugin)))
[debug] Clause(Atom(sbt.ScriptedPlugin),Set(Atom(sbt.plugins.JvmPlugin)))
[debug] Clause(Atom(sbt.plugins.SbtPlugin),Set(Atom(sbt.ScriptedPlugin)))
[debug] Clause(Atom(sbt.plugins.SemanticdbPlugin),Set(Atom(sbt.plugins.JvmPlugin)))
[debug] Clause(Atom(sbt.plugins.JUnitXmlReportPlugin),Set(Atom(sbt.plugins.JvmPlugin)))
[debug] Clause(Atom(sbt.plugins.MiniDependencyTreePlugin),Set(Atom(sbt.plugins.JvmPlugin)))
[debug] Clause(Atom(org.jetbrains.sbt.GenerateAllManagedSourcesPlugin),Set(Atom(sbt.plugins.JvmPlugin)))
[debug] Clause(Atom(org.jetbrains.sbt.StructurePlugin),Set(Atom(sbt.plugins.JvmPlugin)))
[debug] Clause(Atom(org.jetbrains.sbt.IdeaShellPlugin),Set(Atom(sbt.plugins.JvmPlugin)))
[debug] Clause(Atom(sbt.plugins.CorePlugin),Set(Atom(sbt.plugins.IvyPlugin)))
[debug] Clause(Atom(sbt.plugins.IvyPlugin),Set(Atom(sbt.plugins.JvmPlugin)))
[debug] Clause(Atom(sbt.plugins.JvmPlugin),Set(Atom(sbt.plugins.SemanticdbPlugin)))
[debug] Clause(Atom(sbt.plugins.JvmPlugin),Set(Atom(sbt.plugins.JUnitXmlReportPlugin)))
[debug] Clause(Atom(sbt.plugins.CorePlugin),Set(Atom(sbt.plugins.Giter8TemplatePlugin)))
[debug] Clause(Atom(sbt.plugins.JvmPlugin),Set(Atom(sbt.plugins.MiniDependencyTreePlugin)))
[debug] Clause(Atom(sbt.plugins.JvmPlugin),Set(Atom(org.jetbrains.sbt.GenerateAllManagedSourcesPlugin)))
[debug] Clause(Atom(sbt.plugins.JvmPlugin),Set(Atom(org.jetbrains.sbt.StructurePlugin)))
[debug] Clause(Atom(sbt.plugins.JvmPlugin),Set(Atom(org.jetbrains.sbt.IdeaShellPlugin))))
[debug]   :: deduced result: Matched(sbt.plugins.CorePlugin,sbt.plugins.Giter8TemplatePlugin,sbt.plugins.IvyPlugin,sbt.plugins.JvmPlugin,org.jetbrains.sbt.GenerateAllManagedSourcesPlugin,sbt.plugins.SemanticdbPlugin,sbt.plugins.JUnitXmlReportPlugin,org.jetbrains.sbt.IdeaShellPlugin,org.jetbrains.sbt.StructurePlugin,sbt.plugins.MiniDependencyTreePlugin)
[debug] Plugins.deducer#function took 2.967 ms
[info] loading settings for project root from build.sbt...
[debug]         Load.resolveProject(root) took 63.078ms
[debug]       Load.loadTransitive: finalizeProject(Project(id root, base: C:\Users\Markv\OneDrive\Documents\VGA Pong, plugins: List(<none>))) took 67.982ms
[debug] [Loading] Done in C:\Users\Markv\OneDrive\Documents\VGA Pong, returning: (root)
[debug]     Load.loadUnit: loadedProjectsRaw took 2479.0397ms
[debug]     Load.loadUnit: cleanEvalClasses took 32.831ms
[debug]   Load.loadUnit(file:/C:/Users/Markv/OneDrive/Documents/VGA%20Pong/, ...) took 12539.0567ms
[debug] Load.apply: load took 12545.409ms
[debug] Load.apply: resolveProjects took 0.2395ms
[debug] Load.apply: finalTransforms took 73.7136ms
[debug] Load.apply: config.delegates took 0.6917ms
[debug] Load.apply: Def.make(settings)... took 154.6769ms
[debug] Load.apply: structureIndex took 43.6357ms
[debug] Load.apply: mkStreams took 0.0053ms
[info] set current project to %NAME% (in build file:/C:/Users/Markv/OneDrive/Documents/VGA%20Pong/)
[debug] Running task... Cancel: Signal, check cycles: false, forcegc: true
[debug] > Exec(sbtPopOnFailure, None, None)
[debug] > Exec(resumeFromFailure, None, None)
[debug] > Exec(notifyUsersAboutShell, None, None)
[debug] > Exec(iflast shell, None, None)
[debug] > Exec(idea-shell, None, None)
