[debug] > Exec(early(addDefaultCommands), None, None)
[debug] > Exec(addDefaultCommands, None, None)
[debug] > Exec(early(initialize), None, None)
[debug] > Exec(initialize, None, None)
[debug] > Exec(early(addPluginSbtFile="""C:\Users\Markv\AppData\Local\Temp\idea.sbt"""), None, None)
[debug] > Exec(addPluginSbtFile="""C:\Users\Markv\AppData\Local\Temp\idea.sbt""", None, None)
[debug] > Exec(boot, None, None)
[debug] > Exec(writeSbtVersion, None, None)
[debug] > Exec(reload, None, None)
[debug] > Exec(sbtStashOnFailure, None, None)
[debug] > Exec(onFailure loadFailed, None, None)
[debug] > Exec(loadp, None, None)
[info] welcome to sbt 1.12.4 (Microsoft Java 11.0.16.1)
[debug]       Load.loadUnit: plugins took 209.1326ms
[debug]       Load.loadUnit: defsScala took 1.1354ms
[debug] [Loading] Scanning directory C:\Users\Markv\.sbt\1.0\plugins
[debug] [Loading] Found non-root projects 
[debug] [Loading] Done in C:\Users\Markv\.sbt\1.0\plugins, returning: ()
[debug] deducing auto plugins based on known facts Set(Atom(sbt.plugins.CorePlugin)) and clauses Clauses(Clause(Atom(sbt.plugins.JvmPlugin),Set(Atom(sbt.plugins.IvyPlugin)))
[debug] Clause(Atom(sbt.ScriptedPlugin),Set(Atom(sbt.plugins.JvmPlugin)))
[debug] Clause(Atom(sbt.plugins.SbtPlugin),Set(Atom(sbt.ScriptedPlugin)))
[debug] Clause(Atom(sbt.plugins.SemanticdbPlugin),Set(Atom(sbt.plugins.JvmPlugin)))
[debug] Clause(Atom(sbt.plugins.JUnitXmlReportPlugin),Set(Atom(sbt.plugins.JvmPlugin)))
[debug] Clause(Atom(sbt.plugins.MiniDependencyTreePlugin),Set(Atom(sbt.plugins.JvmPlugin)))
[debug] Clause(Atom(sbt.plugins.CorePlugin),Set(Atom(sbt.plugins.IvyPlugin)))
[debug] Clause(Atom(sbt.plugins.IvyPlugin),Set(Atom(sbt.plugins.JvmPlugin)))
[debug] Clause(Atom(sbt.plugins.JvmPlugin),Set(Atom(sbt.plugins.SemanticdbPlugin)))
[debug] Clause(Atom(sbt.plugins.JvmPlugin),Set(Atom(sbt.plugins.JUnitXmlReportPlugin)))
[debug] Clause(Atom(sbt.plugins.CorePlugin),Set(Atom(sbt.plugins.Giter8TemplatePlugin)))
[debug] Clause(Atom(sbt.plugins.JvmPlugin),Set(Atom(sbt.plugins.MiniDependencyTreePlugin))))
[debug]   :: deduced result: Matched(sbt.plugins.CorePlugin,sbt.plugins.Giter8TemplatePlugin,sbt.plugins.IvyPlugin,sbt.plugins.JvmPlugin,sbt.plugins.MiniDependencyTreePlugin,sbt.plugins.JUnitXmlReportPlugin,sbt.plugins.SemanticdbPlugin)
[debug] Plugins.deducer#function took 52.2021 ms
[debug]           Load.resolveProject(global-plugins) took 95.956ms
[debug]         Load.loadTransitive: finalizeProject(Project(id global-plugins, base: C:\Users\Markv\.sbt\1.0\plugins, plugins: List(<none>))) took 205.7449ms
[debug] [Loading] Done in C:\Users\Markv\.sbt\1.0\plugins, returning: (global-plugins)
[debug]       Load.loadUnit: loadedProjectsRaw took 259.7422ms
[debug]       Load.loadUnit: cleanEvalClasses took 0.451ms
[debug]     Load.loadUnit(file:/C:/Users/Markv/.sbt/1.0/plugins/, ...) took 491.9801ms
[debug]   Load.apply: load took 868.3297ms
[debug]   Load.apply: resolveProjects took 12.775ms
[debug]   Load.apply: finalTransforms took 129.1889ms
[debug]   Load.apply: config.delegates took 19.2863ms
[debug]   Load.apply: Def.make(settings)... took 833.1318ms
[debug]   Load.apply: structureIndex took 223.0025ms
[debug]   Load.apply: mkStreams took 4.1344ms
[info] loading global plugins from C:\Users\Markv\.sbt\1.0\plugins
[debug] Running task... Cancel: Signal, check cycles: false, forcegc: true
[debug] Load.defaultLoad until apply took 9028.1778ms
[debug]           Load.loadUnit: plugins took 51.4035ms
[debug]           Load.loadUnit: defsScala took 0.0041ms
[debug] [Loading] Scanning directory C:\Users\Markv\OneDrive\Documents\VGA Pong\project
[debug]             Load.loadUnit: mkEval took 13.729ms
[debug] [Loading] Found non-root projects 
[debug] [Loading] Done in C:\Users\Markv\OneDrive\Documents\VGA Pong\project, returning: ()
[debug] deducing auto plugins based on known facts Set(Atom(sbt.plugins.CorePlugin)) and clauses Clauses(Clause(Atom(sbt.plugins.JvmPlugin),Set(Atom(sbt.plugins.IvyPlugin)))
[debug] Clause(Atom(sbt.ScriptedPlugin),Set(Atom(sbt.plugins.JvmPlugin)))
[debug] Clause(Atom(sbt.plugins.SbtPlugin),Set(Atom(sbt.ScriptedPlugin)))
[debug] Clause(Atom(sbt.plugins.SemanticdbPlugin),Set(Atom(sbt.plugins.JvmPlugin)))
[debug] Clause(Atom(sbt.plugins.JUnitXmlReportPlugin),Set(Atom(sbt.plugins.JvmPlugin)))
[debug] Clause(Atom(sbt.plugins.MiniDependencyTreePlugin),Set(Atom(sbt.plugins.JvmPlugin)))
[debug] Clause(Atom(sbt.plugins.CorePlugin),Set(Atom(sbt.plugins.IvyPlugin)))
[debug] Clause(Atom(sbt.plugins.IvyPlugin),Set(Atom(sbt.plugins.JvmPlugin)))
[debug] Clause(Atom(sbt.plugins.JvmPlugin),Set(Atom(sbt.plugins.SemanticdbPlugin)))
[debug] Clause(Atom(sbt.plugins.JvmPlugin),Set(Atom(sbt.plugins.JUnitXmlReportPlugin)))
[debug] Clause(Atom(sbt.plugins.CorePlugin),Set(Atom(sbt.plugins.Giter8TemplatePlugin)))
[debug] Clause(Atom(sbt.plugins.JvmPlugin),Set(Atom(sbt.plugins.MiniDependencyTreePlugin))))
[debug]   :: deduced result: Matched(sbt.plugins.CorePlugin,sbt.plugins.Giter8TemplatePlugin,sbt.plugins.IvyPlugin,sbt.plugins.JvmPlugin,sbt.plugins.MiniDependencyTreePlugin,sbt.plugins.JUnitXmlReportPlugin,sbt.plugins.SemanticdbPlugin)
[debug] Plugins.deducer#function took 3.2038 ms
[info] loading settings for project vga-pong-build from plugins.sbt, idea.sbt...
[debug]               Load.resolveProject(vga-pong-build) took 5.2936ms
[debug]             Load.loadTransitive: finalizeProject(Project(id vga-pong-build, base: C:\Users\Markv\OneDrive\Documents\VGA Pong\project, plugins: List(<none>))) took 9.2687ms
[debug] [Loading] Done in C:\Users\Markv\OneDrive\Documents\VGA Pong\project, returning: (vga-pong-build)
[debug]           Load.loadUnit: loadedProjectsRaw took 4391.8518ms
[debug]           Load.loadUnit: cleanEvalClasses took 29.7815ms
[debug]         Load.loadUnit(file:/C:/Users/Markv/OneDrive/Documents/VGA%20Pong/project/, ...) took 4475.5993ms
[debug]       Load.apply: load took 4479.6879ms
[debug]       Load.apply: resolveProjects took 0.2292ms
[debug]       Load.apply: finalTransforms took 45.8964ms
[debug]       Load.apply: config.delegates took 0.4808ms
[debug]       Load.apply: Def.make(settings)... took 146.8327ms
[debug]       Load.apply: structureIndex took 49.377ms
[debug]       Load.apply: mkStreams took 0.0035ms
[info] loading project definition from C:\Users\Markv\OneDrive\Documents\VGA Pong\project
[debug] Running task... Cancel: Signal, check cycles: false, forcegc: true
[debug]     Load.loadUnit: plugins took 5327.7253ms
[debug]     Load.loadUnit: defsScala took 0.0044ms
[debug] [Loading] Scanning directory C:\Users\Markv\OneDrive\Documents\VGA Pong
[debug]       Load.loadUnit: mkEval took 0.6773ms
[debug] [Loading] Found root project root w/ remaining 
[debug] deducing auto plugins based on known facts Set(Atom(sbt.plugins.CorePlugin)) and clauses Clauses(Clause(Atom(sbt.plugins.JvmPlugin),Set(Atom(sbt.plugins.IvyPlugin)))
[debug] Clause(Atom(sbt.ScriptedPlugin),Set(Atom(sbt.plugins.JvmPlugin)))
[debug] Clause(Atom(sbt.plugins.SbtPlugin),Set(Atom(sbt.ScriptedPlugin)))
[debug] Clause(Atom(sbt.plugins.SemanticdbPlugin),Set(Atom(sbt.plugins.JvmPlugin)))
[debug] Clause(Atom(sbt.plugins.JUnitXmlReportPlugin),Set(Atom(sbt.plugins.JvmPlugin)))
[debug] Clause(Atom(sbt.plugins.MiniDependencyTreePlugin),Set(Atom(sbt.plugins.JvmPlugin)))
[debug] Clause(Atom(org.jetbrains.sbt.GenerateAllManagedSourcesPlugin),Set(Atom(sbt.plugins.JvmPlugin)))
[debug] Clause(Atom(org.jetbrains.sbt.StructurePlugin),Set(Atom(sbt.plugins.JvmPlugin)))
[debug] Clause(Atom(org.jetbrains.sbt.IdeaShellPlugin),Set(Atom(sbt.plugins.JvmPlugin)))
[debug] Clause(Atom(sbt.plugins.CorePlugin),Set(Atom(sbt.plugins.IvyPlugin)))
[debug] Clause(Atom(sbt.plugins.IvyPlugin),Set(Atom(sbt.plugins.JvmPlugin)))
[debug] Clause(Atom(sbt.plugins.JvmPlugin),Set(Atom(sbt.plugins.SemanticdbPlugin)))
[debug] Clause(Atom(sbt.plugins.JvmPlugin),Set(Atom(sbt.plugins.JUnitXmlReportPlugin)))
[debug] Clause(Atom(sbt.plugins.CorePlugin),Set(Atom(sbt.plugins.Giter8TemplatePlugin)))
[debug] Clause(Atom(sbt.plugins.JvmPlugin),Set(Atom(sbt.plugins.MiniDependencyTreePlugin)))
[debug] Clause(Atom(sbt.plugins.JvmPlugin),Set(Atom(org.jetbrains.sbt.GenerateAllManagedSourcesPlugin)))
[debug] Clause(Atom(sbt.plugins.JvmPlugin),Set(Atom(org.jetbrains.sbt.StructurePlugin)))
[debug] Clause(Atom(sbt.plugins.JvmPlugin),Set(Atom(org.jetbrains.sbt.IdeaShellPlugin))))
[debug]   :: deduced result: Matched(sbt.plugins.CorePlugin,sbt.plugins.Giter8TemplatePlugin,sbt.plugins.IvyPlugin,sbt.plugins.JvmPlugin,org.jetbrains.sbt.GenerateAllManagedSourcesPlugin,sbt.plugins.SemanticdbPlugin,sbt.plugins.JUnitXmlReportPlugin,org.jetbrains.sbt.IdeaShellPlugin,org.jetbrains.sbt.StructurePlugin,sbt.plugins.MiniDependencyTreePlugin)
[debug] Plugins.deducer#function took 5.1639 ms
[info] loading settings for project root from build.sbt...
[debug]         Load.resolveProject(root) took 68.4686ms
[debug]       Load.loadTransitive: finalizeProject(Project(id root, base: C:\Users\Markv\OneDrive\Documents\VGA Pong, plugins: List(<none>))) took 76.2874ms
[debug] [Loading] Done in C:\Users\Markv\OneDrive\Documents\VGA Pong, returning: (root)
[debug]     Load.loadUnit: loadedProjectsRaw took 2205.6826ms
[debug]     Load.loadUnit: cleanEvalClasses took 28.153ms
[debug]   Load.loadUnit(file:/C:/Users/Markv/OneDrive/Documents/VGA%20Pong/, ...) took 7562.496ms
[debug] Load.apply: load took 7566.0381ms
[debug] Load.apply: resolveProjects took 0.1904ms
[debug] Load.apply: finalTransforms took 54.2835ms
[debug] Load.apply: config.delegates took 0.3754ms
[debug] Load.apply: Def.make(settings)... took 175.512ms
[debug] Load.apply: structureIndex took 43.0665ms
[debug] Load.apply: mkStreams took 0.0044ms
[info] set current project to %NAME% (in build file:/C:/Users/Markv/OneDrive/Documents/VGA%20Pong/)
[debug] Running task... Cancel: Signal, check cycles: false, forcegc: true
[debug] > Exec(sbtPopOnFailure, None, None)
[debug] > Exec(resumeFromFailure, None, None)
[debug] > Exec(notifyUsersAboutShell, None, None)
[debug] > Exec(iflast shell, None, None)
[debug] > Exec(idea-shell, None, None)
