[debug] > Exec(early(addDefaultCommands), None, None)
[debug] > Exec(addDefaultCommands, None, None)
[debug] > Exec(early(initialize), None, None)
[debug] > Exec(initialize, None, None)
[debug] > Exec(early(addPluginSbtFile="""C:\Users\Markv\AppData\Local\Temp\idea.sbt"""), None, None)
[debug] > Exec(addPluginSbtFile="""C:\Users\Markv\AppData\Local\Temp\idea.sbt""", None, None)
[debug] > Exec(boot, None, None)
[debug] > Exec(writeSbtVersion, None, None)
[debug] > Exec(reload, None, None)
[debug] > Exec(sbtStashOnFailure, None, None)
[debug] > Exec(onFailure loadFailed, None, None)
[debug] > Exec(loadp, None, None)
[info] welcome to sbt 1.12.4 (Microsoft Java 11.0.16.1)
[debug]       Load.loadUnit: plugins took 194.9976ms
[debug]       Load.loadUnit: defsScala took 0.6432ms
[debug] [Loading] Scanning directory C:\Users\Markv\.sbt\1.0\plugins
[debug] [Loading] Found non-root projects 
[debug] [Loading] Done in C:\Users\Markv\.sbt\1.0\plugins, returning: ()
[debug] deducing auto plugins based on known facts Set(Atom(sbt.plugins.CorePlugin)) and clauses Clauses(Clause(Atom(sbt.plugins.JvmPlugin),Set(Atom(sbt.plugins.IvyPlugin)))
[debug] Clause(Atom(sbt.ScriptedPlugin),Set(Atom(sbt.plugins.JvmPlugin)))
[debug] Clause(Atom(sbt.plugins.SbtPlugin),Set(Atom(sbt.ScriptedPlugin)))
[debug] Clause(Atom(sbt.plugins.SemanticdbPlugin),Set(Atom(sbt.plugins.JvmPlugin)))
[debug] Clause(Atom(sbt.plugins.JUnitXmlReportPlugin),Set(Atom(sbt.plugins.JvmPlugin)))
[debug] Clause(Atom(sbt.plugins.MiniDependencyTreePlugin),Set(Atom(sbt.plugins.JvmPlugin)))
[debug] Clause(Atom(sbt.plugins.CorePlugin),Set(Atom(sbt.plugins.IvyPlugin)))
[debug] Clause(Atom(sbt.plugins.IvyPlugin),Set(Atom(sbt.plugins.JvmPlugin)))
[debug] Clause(Atom(sbt.plugins.JvmPlugin),Set(Atom(sbt.plugins.SemanticdbPlugin)))
[debug] Clause(Atom(sbt.plugins.JvmPlugin),Set(Atom(sbt.plugins.JUnitXmlReportPlugin)))
[debug] Clause(Atom(sbt.plugins.CorePlugin),Set(Atom(sbt.plugins.Giter8TemplatePlugin)))
[debug] Clause(Atom(sbt.plugins.JvmPlugin),Set(Atom(sbt.plugins.MiniDependencyTreePlugin))))
[debug]   :: deduced result: Matched(sbt.plugins.CorePlugin,sbt.plugins.Giter8TemplatePlugin,sbt.plugins.IvyPlugin,sbt.plugins.JvmPlugin,sbt.plugins.MiniDependencyTreePlugin,sbt.plugins.JUnitXmlReportPlugin,sbt.plugins.SemanticdbPlugin)
[debug] Plugins.deducer#function took 33.9524 ms
[debug]           Load.resolveProject(global-plugins) took 87.5258ms
[debug]         Load.loadTransitive: finalizeProject(Project(id global-plugins, base: C:\Users\Markv\.sbt\1.0\plugins, plugins: List(<none>))) took 182.8526ms
[debug] [Loading] Done in C:\Users\Markv\.sbt\1.0\plugins, returning: (global-plugins)
[debug]       Load.loadUnit: loadedProjectsRaw took 228.7845ms
[debug]       Load.loadUnit: cleanEvalClasses took 0.4043ms
[debug]     Load.loadUnit(file:/C:/Users/Markv/.sbt/1.0/plugins/, ...) took 443.2089ms
[debug]   Load.apply: load took 830.918ms
[debug]   Load.apply: resolveProjects took 13.204ms
[debug]   Load.apply: finalTransforms took 130.8844ms
[debug]   Load.apply: config.delegates took 14.6771ms
[debug]   Load.apply: Def.make(settings)... took 754.2088ms
[debug]   Load.apply: structureIndex took 209.8054ms
[debug]   Load.apply: mkStreams took 3.8446ms
[info] loading global plugins from C:\Users\Markv\.sbt\1.0\plugins
[debug] Running task... Cancel: Signal, check cycles: false, forcegc: true
[debug] Load.defaultLoad until apply took 4386.8747ms
[debug]           Load.loadUnit: plugins took 68.4134ms
[debug]           Load.loadUnit: defsScala took 0.0226ms
[debug] [Loading] Scanning directory C:\Users\Markv\OneDrive\Documents\VGA Pong\project
[debug]             Load.loadUnit: mkEval took 17.9449ms
[debug] [Loading] Found non-root projects 
[debug] [Loading] Done in C:\Users\Markv\OneDrive\Documents\VGA Pong\project, returning: ()
[debug] deducing auto plugins based on known facts Set(Atom(sbt.plugins.CorePlugin)) and clauses Clauses(Clause(Atom(sbt.plugins.JvmPlugin),Set(Atom(sbt.plugins.IvyPlugin)))
[debug] Clause(Atom(sbt.ScriptedPlugin),Set(Atom(sbt.plugins.JvmPlugin)))
[debug] Clause(Atom(sbt.plugins.SbtPlugin),Set(Atom(sbt.ScriptedPlugin)))
[debug] Clause(Atom(sbt.plugins.SemanticdbPlugin),Set(Atom(sbt.plugins.JvmPlugin)))
[debug] Clause(Atom(sbt.plugins.JUnitXmlReportPlugin),Set(Atom(sbt.plugins.JvmPlugin)))
[debug] Clause(Atom(sbt.plugins.MiniDependencyTreePlugin),Set(Atom(sbt.plugins.JvmPlugin)))
[debug] Clause(Atom(sbt.plugins.CorePlugin),Set(Atom(sbt.plugins.IvyPlugin)))
[debug] Clause(Atom(sbt.plugins.IvyPlugin),Set(Atom(sbt.plugins.JvmPlugin)))
[debug] Clause(Atom(sbt.plugins.JvmPlugin),Set(Atom(sbt.plugins.SemanticdbPlugin)))
[debug] Clause(Atom(sbt.plugins.JvmPlugin),Set(Atom(sbt.plugins.JUnitXmlReportPlugin)))
[debug] Clause(Atom(sbt.plugins.CorePlugin),Set(Atom(sbt.plugins.Giter8TemplatePlugin)))
[debug] Clause(Atom(sbt.plugins.JvmPlugin),Set(Atom(sbt.plugins.MiniDependencyTreePlugin))))
[debug]   :: deduced result: Matched(sbt.plugins.CorePlugin,sbt.plugins.Giter8TemplatePlugin,sbt.plugins.IvyPlugin,sbt.plugins.JvmPlugin,sbt.plugins.MiniDependencyTreePlugin,sbt.plugins.JUnitXmlReportPlugin,sbt.plugins.SemanticdbPlugin)
[debug] Plugins.deducer#function took 3.4454 ms
[info] loading settings for project vga-pong-build from plugins.sbt, idea.sbt...
[debug]               Load.resolveProject(vga-pong-build) took 5.2389ms
[debug]             Load.loadTransitive: finalizeProject(Project(id vga-pong-build, base: C:\Users\Markv\OneDrive\Documents\VGA Pong\project, plugins: List(<none>))) took 9.5104ms
[debug] [Loading] Done in C:\Users\Markv\OneDrive\Documents\VGA Pong\project, returning: (vga-pong-build)
[debug]           Load.loadUnit: loadedProjectsRaw took 4770.4445ms
[debug]           Load.loadUnit: cleanEvalClasses took 7.9484ms
[debug]         Load.loadUnit(file:/C:/Users/Markv/OneDrive/Documents/VGA%20Pong/project/, ...) took 4849.1958ms
[debug]       Load.apply: load took 4852.1614ms
[debug]       Load.apply: resolveProjects took 0.176ms
[debug]       Load.apply: finalTransforms took 27.2679ms
[debug]       Load.apply: config.delegates took 0.6114ms
[debug]       Load.apply: Def.make(settings)... took 118.5977ms
[debug]       Load.apply: structureIndex took 48.5373ms
[debug]       Load.apply: mkStreams took 0.0046ms
[info] loading project definition from C:\Users\Markv\OneDrive\Documents\VGA Pong\project
[debug] Running task... Cancel: Signal, check cycles: false, forcegc: true
[debug]     Load.loadUnit: plugins took 7015.2418ms
[debug]     Load.loadUnit: defsScala took 0.004ms
[debug] [Loading] Scanning directory C:\Users\Markv\OneDrive\Documents\VGA Pong
[debug]       Load.loadUnit: mkEval took 0.6458ms
[debug] [Loading] Found root project root w/ remaining 
[debug] deducing auto plugins based on known facts Set(Atom(sbt.plugins.CorePlugin)) and clauses Clauses(Clause(Atom(sbt.plugins.JvmPlugin),Set(Atom(sbt.plugins.IvyPlugin)))
[debug] Clause(Atom(sbt.ScriptedPlugin),Set(Atom(sbt.plugins.JvmPlugin)))
[debug] Clause(Atom(sbt.plugins.SbtPlugin),Set(Atom(sbt.ScriptedPlugin)))
[debug] Clause(Atom(sbt.plugins.SemanticdbPlugin),Set(Atom(sbt.plugins.JvmPlugin)))
[debug] Clause(Atom(sbt.plugins.JUnitXmlReportPlugin),Set(Atom(sbt.plugins.JvmPlugin)))
[debug] Clause(Atom(sbt.plugins.MiniDependencyTreePlugin),Set(Atom(sbt.plugins.JvmPlugin)))
[debug] Clause(Atom(org.jetbrains.sbt.GenerateAllManagedSourcesPlugin),Set(Atom(sbt.plugins.JvmPlugin)))
[debug] Clause(Atom(org.jetbrains.sbt.StructurePlugin),Set(Atom(sbt.plugins.JvmPlugin)))
[debug] Clause(Atom(org.jetbrains.sbt.IdeaShellPlugin),Set(Atom(sbt.plugins.JvmPlugin)))
[debug] Clause(Atom(sbt.plugins.CorePlugin),Set(Atom(sbt.plugins.IvyPlugin)))
[debug] Clause(Atom(sbt.plugins.IvyPlugin),Set(Atom(sbt.plugins.JvmPlugin)))
[debug] Clause(Atom(sbt.plugins.JvmPlugin),Set(Atom(sbt.plugins.SemanticdbPlugin)))
[debug] Clause(Atom(sbt.plugins.JvmPlugin),Set(Atom(sbt.plugins.JUnitXmlReportPlugin)))
[debug] Clause(Atom(sbt.plugins.CorePlugin),Set(Atom(sbt.plugins.Giter8TemplatePlugin)))
[debug] Clause(Atom(sbt.plugins.JvmPlugin),Set(Atom(sbt.plugins.MiniDependencyTreePlugin)))
[debug] Clause(Atom(sbt.plugins.JvmPlugin),Set(Atom(org.jetbrains.sbt.GenerateAllManagedSourcesPlugin)))
[debug] Clause(Atom(sbt.plugins.JvmPlugin),Set(Atom(org.jetbrains.sbt.StructurePlugin)))
[debug] Clause(Atom(sbt.plugins.JvmPlugin),Set(Atom(org.jetbrains.sbt.IdeaShellPlugin))))
[debug]   :: deduced result: Matched(sbt.plugins.CorePlugin,sbt.plugins.Giter8TemplatePlugin,sbt.plugins.IvyPlugin,sbt.plugins.JvmPlugin,org.jetbrains.sbt.GenerateAllManagedSourcesPlugin,sbt.plugins.SemanticdbPlugin,sbt.plugins.JUnitXmlReportPlugin,org.jetbrains.sbt.IdeaShellPlugin,org.jetbrains.sbt.StructurePlugin,sbt.plugins.MiniDependencyTreePlugin)
[debug] Plugins.deducer#function took 3.1707 ms
[info] loading settings for project root from build.sbt...
[debug]         Load.resolveProject(root) took 54.5507ms
[debug]       Load.loadTransitive: finalizeProject(Project(id root, base: C:\Users\Markv\OneDrive\Documents\VGA Pong, plugins: List(<none>))) took 59.8266ms
[debug] [Loading] Done in C:\Users\Markv\OneDrive\Documents\VGA Pong, returning: (root)
[debug]     Load.loadUnit: loadedProjectsRaw took 2331.3364ms
[debug]     Load.loadUnit: cleanEvalClasses took 45.8225ms
[debug]   Load.loadUnit(file:/C:/Users/Markv/OneDrive/Documents/VGA%20Pong/, ...) took 9393.3882ms
[debug] Load.apply: load took 9396.984ms
[debug] Load.apply: resolveProjects took 0.1918ms
[debug] Load.apply: finalTransforms took 53.7936ms
[debug] Load.apply: config.delegates took 0.5097ms
[debug] Load.apply: Def.make(settings)... took 140.994ms
[debug] Load.apply: structureIndex took 37.0981ms
[debug] Load.apply: mkStreams took 0.0033ms
[info] set current project to %NAME% (in build file:/C:/Users/Markv/OneDrive/Documents/VGA%20Pong/)
[debug] Running task... Cancel: Signal, check cycles: false, forcegc: true
[debug] > Exec(sbtPopOnFailure, None, None)
[debug] > Exec(resumeFromFailure, None, None)
[debug] > Exec(notifyUsersAboutShell, None, None)
[debug] > Exec(iflast shell, None, None)
[debug] > Exec(idea-shell, None, None)
